[2019-02-22 21:27:26,283] INFO [source-cdc|task-0] 5 records sent during previous 00:00:51.356, last recorded offset of {server=source, database=source} partition is {event_serial_no=2, commit_lsn=000000c6:00018138:0019, change_lsn=000000c6:00018138:0018} (io.debezium.connector.common.BaseSourceTask:367)
[2019-02-22 21:27:26,712] INFO [source-cdc|task-0|offsets] WorkerSourceTask{id=source-cdc-0} Committing offsets for 0 acknowledged messages (org.apache.kafka.connect.runtime.WorkerSourceTask:241)
[2019-02-22 21:27:16,711] INFO [source-cdc|task-0|offsets] WorkerSourceTask{id=source-cdc-0} Committing offsets for 2 acknowledged messages (org.apache.kafka.connect.runtime.WorkerSourceTask:241)
[2019-02-22 21:27:05,684] INFO [source-cdc|task-0|offsets] WorkerSourceTask{id=source-cdc-0} Committing offsets for 1 acknowledged messages (org.apache.kafka.connect.runtime.WorkerSourceTask:241)
[2019-02-22 21:26:55,682] INFO [source-cdc|task-0|offsets] WorkerSourceTask{id=source-cdc-0} Committing offsets for 1 acknowledged messages (org.apache.kafka.connect.runtime.WorkerSourceTask:241)
[2019-02-22 21:26:45,678] INFO [source-cdc|task-0|offsets] WorkerSourceTask{id=source-cdc-0} Committing offsets for 849 acknowledged messages (org.apache.kafka.connect.runtime.WorkerSourceTask:241)
[2019-02-22 21:26:36,193] INFO [target-sink|task-0] target URL: http://localhost:8223/golden? (com.target.kafka.connect.sink.db.helper.targetHelperClient:153)
[2019-02-22 21:26:36,332] INFO [target-sink|task-0] target URL: http://localhost:8223/golden? (com.target.kafka.connect.sink.db.helper.targetHelperClient:119)
[2019-02-22 21:26:36,081] INFO [target-sink|task-0] target URL: http://localhost:8223/golden? (com.target.kafka.connect.sink.db.helper.targetHelperClient:153)
[2019-02-22 21:26:36,080] INFO [target-sink|task-0] doLogic - Topic: [process.Customer], Partition: [0], MinOffset: [256], MaxOffset: [291], Records: [36] (com.target.kafka.connect.sink.processing.Processing:152)
[2019-02-22 21:26:36,331] INFO [target-sink|task-0] doLogic - Topic: [process.Customer], Partition: [0], MinOffset: [833], MaxOffset: [847], Records: [15] (com.target.kafka.connect.sink.processing.Processing:152)
[2019-02-22 21:26:36,324] INFO [target-sink|task-0] topic: process.Customer partition: 0 batchSize: 229 serialization ms: 8 data ms: 13 send ms: 8 (QueryId: [6af7efd2-23f9-46f8-bf70-3ffbacf43753]) (com.target.kafka.connect.sink.db.targetWriter:1179)
[2019-02-22 21:26:36,331] INFO [target-sink|task-0] target URL: http://localhost:8223/golden? (com.target.kafka.connect.sink.db.helper.targetHelperClient:153)
[2019-02-22 21:26:36,104] INFO [target-sink|task-0] Put records: 36 in 25 ms (com.target.kafka.connect.sink.targetSinkTask:133)
[2019-02-22 21:26:36,081] INFO [target-sink|task-0] target URL: http://localhost:8223/golden? (com.target.kafka.connect.sink.db.helper.targetHelperClient:119)
[2019-02-22 21:26:36,062] INFO [target-sink|task-0] Put records: 241 in 128 ms (com.target.kafka.connect.sink.targetSinkTask:133)
[2019-02-22 21:26:36,256] INFO [target-sink|task-0] target URL: http://localhost:8223/golden? (com.target.kafka.connect.sink.db.helper.targetHelperClient:119)
[2019-02-22 21:26:36,340] INFO [target-sink|task-0] Put records: 15 in 10 ms (com.target.kafka.connect.sink.targetSinkTask:133)
[2019-02-22 21:26:36,302] INFO [target-sink|task-0] doLogic - Topic: [process.Customer], Partition: [0], MinOffset: [604], MaxOffset: [832], Records: [229] (com.target.kafka.connect.sink.processing.Processing:152)
[2019-02-22 21:26:36,340] INFO [target-sink|task-0] topic: process.Customer partition: 0 batchSize: 15 serialization ms: 1 data ms: 4 send ms: 4 (QueryId: [e53b21d4-0503-4f73-961e-fd8844e9b3e4]) (com.target.kafka.connect.sink.db.targetWriter:1179)
[2019-02-22 21:26:36,194] INFO [target-sink|task-0] target URL: http://localhost:8223/golden? (com.target.kafka.connect.sink.db.helper.targetHelperClient:119)
[2019-02-22 21:26:36,256] INFO [target-sink|task-0] target URL: http://localhost:8223/golden? (com.target.kafka.connect.sink.db.helper.targetHelperClient:153)
[2019-02-22 21:26:36,245] INFO [target-sink|task-0] topic: process.Customer partition: 0 batchSize: 251 serialization ms: 13 data ms: 40 send ms: 13 (QueryId: [89899151-f433-4da7-a4b2-5ed8d7be4437]) (com.target.kafka.connect.sink.db.targetWriter:1179)
[2019-02-22 21:26:36,062] INFO [target-sink|task-0] topic: process.Customer partition: 0 batchSize: 241 serialization ms: 60 data ms: 91 send ms: 21 (QueryId: [abfeaed0-4fed-4d57-90fb-19ed75d52d74]) (com.target.kafka.connect.sink.db.targetWriter:1179)
[2019-02-22 21:26:36,255] INFO [target-sink|task-0] doLogic - Topic: [process.Customer], Partition: [0], MinOffset: [543], MaxOffset: [603], Records: [61] (com.target.kafka.connect.sink.processing.Processing:152)
[2019-02-22 21:26:36,273] INFO [target-sink|task-0] topic: process.Customer partition: 0 batchSize: 61 serialization ms: 1 data ms: 3 send ms: 14 (QueryId: [e4807f11-dbec-4d15-882a-5281c6aff65f]) (com.target.kafka.connect.sink.db.targetWriter:1179)
[2019-02-22 21:26:36,245] INFO [target-sink|task-0] Put records: 251 in 61 ms (com.target.kafka.connect.sink.targetSinkTask:133)
[2019-02-22 21:26:36,324] INFO [target-sink|task-0] Put records: 229 in 23 ms (com.target.kafka.connect.sink.targetSinkTask:133)
[2019-02-22 21:26:36,304] INFO [target-sink|task-0] target URL: http://localhost:8223/golden? (com.target.kafka.connect.sink.db.helper.targetHelperClient:153)
[2019-02-22 21:26:36,192] INFO [target-sink|task-0] doLogic - Topic: [process.Customer], Partition: [0], MinOffset: [292], MaxOffset: [542], Records: [251] (com.target.kafka.connect.sink.processing.Processing:152)
[2019-02-22 21:26:36,104] INFO [target-sink|task-0] topic: process.Customer partition: 0 batchSize: 36 serialization ms: 1 data ms: 11 send ms: 12 (QueryId: [80d79124-a41d-4618-a59b-a9d2369a97b3]) (com.target.kafka.connect.sink.db.targetWriter:1179)
[2019-02-22 21:26:36,304] INFO [target-sink|task-0] target URL: http://localhost:8223/golden? (com.target.kafka.connect.sink.db.helper.targetHelperClient:119)
[2019-02-22 21:26:36,273] INFO [target-sink|task-0] Put records: 61 in 18 ms (com.target.kafka.connect.sink.targetSinkTask:133)
[2019-02-22 21:26:35,951] INFO [target-sink|task-0] target URL: http://localhost:8223/golden? (com.target.kafka.connect.sink.db.helper.targetHelperClient:153)
[2019-02-22 21:26:35,943] INFO [target-sink|task-0] doLogic - Topic: [process.Customer], Partition: [0], MinOffset: [15], MaxOffset: [255], Records: [241] (com.target.kafka.connect.sink.processing.Processing:152)
[2019-02-22 21:26:35,742] INFO [target-sink|task-0] Put records: 6 in 32 ms (com.target.kafka.connect.sink.targetSinkTask:133)
[2019-02-22 21:26:35,725] INFO [target-sink|task-0] target URL: http://localhost:8223/golden? (com.target.kafka.connect.sink.db.helper.targetHelperClient:119)
[2019-02-22 21:26:35,676] INFO [target-sink|task-0] topic: process.Customer partition: 0 batchSize: 9 serialization ms: 162 data ms: 183 send ms: 24 (QueryId: [035ea330-c794-4dd1-b243-6aa8aacba715]) (com.target.kafka.connect.sink.db.targetWriter:1179)
[2019-02-22 21:26:35,723] INFO [target-sink|task-0] target URL: http://localhost:8223/golden? (com.target.kafka.connect.sink.db.helper.targetHelperClient:153)
[2019-02-22 21:26:35,471] INFO [target-sink|task-0] target URL: http://localhost:8223/golden? (com.target.kafka.connect.sink.db.helper.targetHelperClient:153)
[2019-02-22 21:26:35,953] INFO [target-sink|task-0] target URL: http://localhost:8223/golden? (com.target.kafka.connect.sink.db.helper.targetHelperClient:119)
[2019-02-22 21:26:35,742] INFO [target-sink|task-0] topic: process.Customer partition: 0 batchSize: 6 serialization ms: 0 data ms: 21 send ms: 11 (QueryId: [8c959171-9514-4644-860d-b4075acef7dc]) (com.target.kafka.connect.sink.db.targetWriter:1179)
[2019-02-22 21:26:35,474] INFO [target-sink|task-0] target URL: http://localhost:8223/golden? (com.target.kafka.connect.sink.db.helper.targetHelperClient:119)
[2019-02-22 21:26:35,677] INFO [target-sink|task-0] Register topic MBean [com.target:type=targetKafkaConnector,name=SinkTask0,version=v1.3.9,topic=process.Customer] (com.target.kafka.connect.sink.ProxySinkTask:157)
[2019-02-22 21:26:35,710] INFO [target-sink|task-0] doLogic - Topic: [process.Customer], Partition: [0], MinOffset: [9], MaxOffset: [14], Records: [6] (com.target.kafka.connect.sink.processing.Processing:152)
[2019-02-22 21:26:35,683] INFO [target-sink|task-0] Put records: 9 in 232 ms (com.target.kafka.connect.sink.targetSinkTask:133)
[2019-02-22 21:26:35,464] INFO [target-sink|task-0] doLogic - Topic: [process.Customer], Partition: [0], MinOffset: [0], MaxOffset: [8], Records: [9] (com.target.kafka.connect.sink.processing.Processing:152)
[2019-02-22 21:26:34,927] INFO [source-cdc|task-0] 3417 records sent during previous 00:04:21.573, last recorded offset of {server=source, database=source} partition is {event_serial_no=2, commit_lsn=000000c6:00018138:0019, change_lsn=000000c6:00018138:0018} (io.debezium.connector.common.BaseSourceTask:367)
[2019-02-22 21:22:50,548] INFO [target-sink|task-0] [Consumer clientId=connector-consumer-target-sink-0, groupId=connect-target-sink] Found no committed offset for partition process.Customer-0 (org.apache.kafka.clients.consumer.internals.ConsumerCoordinator:1575)
[2019-02-22 21:22:50,555] INFO [target-sink|task-0] [Consumer clientId=connector-consumer-target-sink-0, groupId=connect-target-sink] Resetting offset for partition process.EnrichedSalesOrder-0 to position FetchPosition{offset=0, offsetEpoch=Optional.empty, currentLeader=LeaderAndEpoch{leader=Optional[localhost:9092 (id: 1 rack: null isFenced: false)], epoch=0}}. (org.apache.kafka.clients.consumer.internals.SubscriptionState:458)
[2019-02-22 21:22:50,530] INFO [target-sink|task-0] [Consumer clientId=connector-consumer-target-sink-0, groupId=connect-target-sink] Notifying assignor about the new Assignment(partitions=[process.Customer-0, process.ProductModel-0, process.EnrichedSalesOrder-0]) (org.apache.kafka.clients.consumer.internals.ConsumerCoordinator:364)
[2019-02-22 21:22:50,548] INFO [target-sink|task-0] [Consumer clientId=connector-consumer-target-sink-0, groupId=connect-target-sink] Found no committed offset for partition process.ProductModel-0 (org.apache.kafka.clients.consumer.internals.ConsumerCoordinator:1575)
[2019-02-22 21:22:50,555] INFO [target-sink|task-0] [Consumer clientId=connector-consumer-target-sink-0, groupId=connect-target-sink] Resetting offset for partition process.ProductModel-0 to position FetchPosition{offset=0, offsetEpoch=Optional.empty, currentLeader=LeaderAndEpoch{leader=Optional[localhost:9092 (id: 1 rack: null isFenced: false)], epoch=0}}. (org.apache.kafka.clients.consumer.internals.SubscriptionState:458)
[2019-02-22 21:22:50,531] INFO [target-sink|task-0] [Consumer clientId=connector-consumer-target-sink-0, groupId=connect-target-sink] Adding newly assigned partitions: [process.Customer-0, process.EnrichedSalesOrder-0, process.ProductModel-0] (org.apache.kafka.clients.consumer.internals.ConsumerRebalanceListenerInvoker:57)
[2019-02-22 21:22:50,526] INFO [GroupCoordinator id=1 topic=__consumer_offsets partition=45] Assignment received from leader connector-consumer-target-sink-0-b06d0ef2-90a3-4ab6-828f-8c6a1eb184cd for group connect-target-sink for generation 1. The group has 1 members, 0 of which are static. (org.apache.kafka.coordinator.group.GroupMetadataManager)
[2019-02-22 21:22:50,521] INFO [target-sink|task-0] [Consumer clientId=connector-consumer-target-sink-0, groupId=connect-target-sink] Finished assignment for group at generation 1: {connector-consumer-target-sink-0-b06d0ef2-90a3-4ab6-828f-8c6a1eb184cd=Assignment(partitions=[process.Customer-0, process.ProductModel-0, process.EnrichedSalesOrder-0])} (org.apache.kafka.clients.consumer.internals.ConsumerCoordinator:705)
[2019-02-22 21:22:50,509] INFO [GroupCoordinator id=1 topic=__consumer_offsets partition=45] Stabilized group connect-target-sink generation 1 with 1 members. (org.apache.kafka.coordinator.group.GroupMetadataManager)
[2019-02-22 21:22:50,512] INFO [target-sink|task-0] [Consumer clientId=connector-consumer-target-sink-0, groupId=connect-target-sink] Successfully joined group with generation Generation{generationId=1, memberId='connector-consumer-target-sink-0-b06d0ef2-90a3-4ab6-828f-8c6a1eb184cd', protocol='range'} (org.apache.kafka.clients.consumer.internals.ConsumerCoordinator:672)
[2019-02-22 21:22:50,529] INFO [target-sink|task-0] [Consumer clientId=connector-consumer-target-sink-0, groupId=connect-target-sink] Successfully synced group in generation Generation{generationId=1, memberId='connector-consumer-target-sink-0-b06d0ef2-90a3-4ab6-828f-8c6a1eb184cd', protocol='range'} (org.apache.kafka.clients.consumer.internals.ConsumerCoordinator:849)
[2019-02-22 21:22:50,548] INFO [target-sink|task-0] [Consumer clientId=connector-consumer-target-sink-0, groupId=connect-target-sink] Found no committed offset for partition process.EnrichedSalesOrder-0 (org.apache.kafka.clients.consumer.internals.ConsumerCoordinator:1575)
[2019-02-22 21:22:50,554] INFO [target-sink|task-0] [Consumer clientId=connector-consumer-target-sink-0, groupId=connect-target-sink] Resetting offset for partition process.Customer-0 to position FetchPosition{offset=0, offsetEpoch=Optional.empty, currentLeader=LeaderAndEpoch{leader=Optional[localhost:9092 (id: 1 rack: null isFenced: false)], epoch=0}}. (org.apache.kafka.clients.consumer.internals.SubscriptionState:458)
[2019-02-22 21:22:47,416] INFO [GroupCoordinator id=1] Scheduling loading of metadata from __consumer_offsets-45 with epoch 0 (org.apache.kafka.coordinator.common.runtime.CoordinatorRuntime)
[2019-02-22 21:22:47,416] INFO [GroupCoordinator id=1] Scheduling loading of metadata from __consumer_offsets-5 with epoch 0 (org.apache.kafka.coordinator.common.runtime.CoordinatorRuntime)
[2019-02-22 21:22:47,416] INFO [GroupCoordinator id=1] Scheduling loading of metadata from __consumer_offsets-38 with epoch 0 (org.apache.kafka.coordinator.common.runtime.CoordinatorRuntime)
[2019-02-22 21:22:47,416] INFO [GroupCoordinator id=1] Scheduling loading of metadata from __consumer_offsets-34 with epoch 0 (org.apache.kafka.coordinator.common.runtime.CoordinatorRuntime)
[2019-02-22 21:22:47,416] INFO [GroupCoordinator id=1] Scheduling loading of metadata from __consumer_offsets-20 with epoch 0 (org.apache.kafka.coordinator.common.runtime.CoordinatorRuntime)
[2019-02-22 21:22:47,416] INFO [GroupCoordinator id=1] Scheduling loading of metadata from __consumer_offsets-26 with epoch 0 (org.apache.kafka.coordinator.common.runtime.CoordinatorRuntime)
[2019-02-22 21:22:47,416] INFO [GroupCoordinator id=1] Scheduling loading of metadata from __consumer_offsets-1 with epoch 0 (org.apache.kafka.coordinator.common.runtime.CoordinatorRuntime)
[2019-02-22 21:22:47,416] INFO [GroupCoordinator id=1] Scheduling loading of metadata from __consumer_offsets-49 with epoch 0 (org.apache.kafka.coordinator.common.runtime.CoordinatorRuntime)
[2019-02-22 21:22:47,416] INFO [GroupCoordinator id=1] Scheduling loading of metadata from __consumer_offsets-30 with epoch 0 (org.apache.kafka.coordinator.common.runtime.CoordinatorRuntime)
[2019-02-22 21:22:47,409] INFO [GroupCoordinator id=1] Scheduling loading of metadata from __consumer_offsets-13 with epoch 0 (org.apache.kafka.coordinator.common.runtime.CoordinatorRuntime)
[2019-02-22 21:22:47,415] INFO [GroupCoordinator id=1] Scheduling loading of metadata from __consumer_offsets-46 with epoch 0 (org.apache.kafka.coordinator.common.runtime.CoordinatorRuntime)
[2019-02-22 21:22:47,415] INFO [GroupCoordinator id=1] Scheduling loading of metadata from __consumer_offsets-21 with epoch 0 (org.apache.kafka.coordinator.common.runtime.CoordinatorRuntime)
[2019-02-22 21:22:47,415] INFO [GroupCoordinator id=1] Scheduling loading of metadata from __consumer_offsets-17 with epoch 0 (org.apache.kafka.coordinator.common.runtime.CoordinatorRuntime)
[2019-02-22 21:22:47,416] INFO [GroupCoordinator id=1] Scheduling loading of metadata from __consumer_offsets-16 with epoch 0 (org.apache.kafka.coordinator.common.runtime.CoordinatorRuntime)
[2019-02-22 21:22:47,395] INFO [Partition __consumer_offsets-2 broker=1] Log loaded for partition __consumer_offsets-2 with initial high watermark 0 (kafka.cluster.Partition)
[2019-02-22 21:22:47,394] INFO [LogLoader partition=__consumer_offsets-2, dir=/tmp/kraft-combined-logs] Loading producer state till offset 0 (org.apache.kafka.storage.internals.log.UnifiedLog)
[2019-02-22 21:22:47,395] INFO [Partition __consumer_offsets-2 broker=1] No checkpointed highwatermark is found for partition __consumer_offsets-2 (kafka.cluster.Partition)
[2019-02-22 21:22:47,378] INFO [Partition __consumer_offsets-35 broker=1] No checkpointed highwatermark is found for partition __consumer_offsets-35 (kafka.cluster.Partition)
[2019-02-22 21:22:47,376] INFO [LogLoader partition=__consumer_offsets-35, dir=/tmp/kraft-combined-logs] Loading producer state till offset 0 (org.apache.kafka.storage.internals.log.UnifiedLog)
[2019-02-22 21:22:47,377] INFO Created log for partition __consumer_offsets-35 in /tmp/kraft-combined-logs/__consumer_offsets-35 with properties {cleanup.policy=compact, compression.type="producer", segment.bytes=104857600} (kafka.log.LogManager)
[2019-02-22 21:22:47,415] INFO [GroupCoordinator id=1] Scheduling loading of metadata from __consumer_offsets-9 with epoch 0 (org.apache.kafka.coordinator.common.runtime.CoordinatorRuntime)
[2019-02-22 21:22:47,359] INFO [Partition __consumer_offsets-6 broker=1] No checkpointed highwatermark is found for partition __consumer_offsets-6 (kafka.cluster.Partition)
[2019-02-22 21:22:47,378] INFO [Partition __consumer_offsets-35 broker=1] Log loaded for partition __consumer_offsets-35 with initial high watermark 0 (kafka.cluster.Partition)
[2019-02-22 21:22:47,415] INFO [GroupCoordinator id=1] Scheduling loading of metadata from __consumer_offsets-42 with epoch 0 (org.apache.kafka.coordinator.common.runtime.CoordinatorRuntime)
[2019-02-22 21:22:47,359] INFO [Partition __consumer_offsets-6 broker=1] Log loaded for partition __consumer_offsets-6 with initial high watermark 0 (kafka.cluster.Partition)
[2019-02-22 21:22:47,346] INFO [LogLoader partition=__consumer_offsets-39, dir=/tmp/kraft-combined-logs] Loading producer state till offset 0 (org.apache.kafka.storage.internals.log.UnifiedLog)
[2019-02-22 21:22:47,347] INFO Created log for partition __consumer_offsets-39 in /tmp/kraft-combined-logs/__consumer_offsets-39 with properties {cleanup.policy=compact, compression.type="producer", segment.bytes=104857600} (kafka.log.LogManager)
[2019-02-22 21:22:47,359] INFO Created log for partition __consumer_offsets-6 in /tmp/kraft-combined-logs/__consumer_offsets-6 with properties {cleanup.policy=compact, compression.type="producer", segment.bytes=104857600} (kafka.log.LogManager)
[2019-02-22 21:22:47,416] INFO [GroupCoordinator id=1] Scheduling loading of metadata from __consumer_offsets-0 with epoch 0 (org.apache.kafka.coordinator.common.runtime.CoordinatorRuntime)
[2019-02-22 21:22:47,395] INFO Created log for partition __consumer_offsets-2 in /tmp/kraft-combined-logs/__consumer_offsets-2 with properties {cleanup.policy=compact, compression.type="producer", segment.bytes=104857600} (kafka.log.LogManager)
[2019-02-22 21:22:47,416] INFO [GroupCoordinator id=1] Scheduling loading of metadata from __consumer_offsets-12 with epoch 0 (org.apache.kafka.coordinator.common.runtime.CoordinatorRuntime)
[2019-02-22 21:22:47,328] INFO [Partition __consumer_offsets-27 broker=1] Log loaded for partition __consumer_offsets-27 with initial high watermark 0 (kafka.cluster.Partition)
[2019-02-22 21:22:47,327] INFO [LogLoader partition=__consumer_offsets-27, dir=/tmp/kraft-combined-logs] Loading producer state till offset 0 (org.apache.kafka.storage.internals.log.UnifiedLog)
[2019-02-22 21:22:47,328] INFO [Partition __consumer_offsets-27 broker=1] No checkpointed highwatermark is found for partition __consumer_offsets-27 (kafka.cluster.Partition)
[2019-02-22 21:22:47,309] INFO Created log for partition __consumer_offsets-31 in /tmp/kraft-combined-logs/__consumer_offsets-31 with properties {cleanup.policy=compact, compression.type="producer", segment.bytes=104857600} (kafka.log.LogManager)
[2019-02-22 21:22:47,347] INFO [Partition __consumer_offsets-39 broker=1] No checkpointed highwatermark is found for partition __consumer_offsets-39 (kafka.cluster.Partition)
[2019-02-22 21:22:47,328] INFO Created log for partition __consumer_offsets-27 in /tmp/kraft-combined-logs/__consumer_offsets-27 with properties {cleanup.policy=compact, compression.type="producer", segment.bytes=104857600} (kafka.log.LogManager)
[2019-02-22 21:22:47,416] INFO [GroupCoordinator id=1] Scheduling loading of metadata from __consumer_offsets-24 with epoch 0 (org.apache.kafka.coordinator.common.runtime.CoordinatorRuntime)
[2019-02-22 21:22:47,416] INFO [GroupCoordinator id=1] Scheduling loading of metadata from __consumer_offsets-41 with epoch 0 (org.apache.kafka.coordinator.common.runtime.CoordinatorRuntime)
